mode: set
avito/internal/handlers/delivery_handler.go:20.63,24.2 1 0
avito/internal/handlers/delivery_handler.go:26.74,29.16 3 1
avito/internal/handlers/delivery_handler.go:29.16,32.3 2 1
avito/internal/handlers/delivery_handler.go:33.2,34.50 2 1
avito/internal/handlers/delivery_handler.go:34.50,37.3 2 1
avito/internal/handlers/delivery_handler.go:38.2,38.16 1 1
avito/internal/handlers/delivery_handler.go:38.16,41.3 2 1
avito/internal/handlers/delivery_handler.go:42.2,44.33 3 1
avito/internal/handlers/delivery_handler.go:48.76,51.16 3 1
avito/internal/handlers/delivery_handler.go:51.16,54.3 2 1
avito/internal/handlers/delivery_handler.go:55.2,56.46 2 1
avito/internal/handlers/delivery_handler.go:56.46,59.3 2 1
avito/internal/handlers/delivery_handler.go:60.2,60.16 1 1
avito/internal/handlers/delivery_handler.go:60.16,63.3 2 1
avito/internal/handlers/delivery_handler.go:64.2,66.33 3 1
avito/internal/handlers/handler.go:27.61,31.2 1 0
avito/internal/handlers/handler.go:33.71,38.2 4 0
avito/internal/handlers/handler.go:40.78,42.2 1 1
avito/internal/handlers/handler.go:44.73,47.16 3 1
avito/internal/handlers/handler.go:47.16,50.3 2 1
avito/internal/handlers/handler.go:51.2,54.43 2 1
avito/internal/handlers/handler.go:54.43,57.3 2 1
avito/internal/handlers/handler.go:59.2,59.42 1 1
avito/internal/handlers/handler.go:59.42,62.3 2 0
avito/internal/handlers/handler.go:64.2,64.16 1 1
avito/internal/handlers/handler.go:64.16,67.3 2 1
avito/internal/handlers/handler.go:68.2,70.30 3 1
avito/internal/handlers/handler.go:73.71,75.16 2 1
avito/internal/handlers/handler.go:75.16,78.3 2 1
avito/internal/handlers/handler.go:80.2,82.37 3 1
avito/internal/handlers/handler.go:85.74,88.16 3 1
avito/internal/handlers/handler.go:88.16,91.3 2 1
avito/internal/handlers/handler.go:92.2,94.46 2 1
avito/internal/handlers/handler.go:94.46,97.3 2 1
avito/internal/handlers/handler.go:98.2,98.16 1 1
avito/internal/handlers/handler.go:98.16,101.3 2 1
avito/internal/handlers/handler.go:102.2,104.30 3 1
avito/internal/handlers/handler.go:107.73,110.16 3 1
avito/internal/handlers/handler.go:110.16,113.3 2 1
avito/internal/handlers/handler.go:114.2,116.16 3 1
avito/internal/handlers/handler.go:116.16,119.3 2 1
avito/internal/handlers/handler.go:120.2,123.43 2 1
avito/internal/handlers/handler.go:123.43,126.3 2 1
avito/internal/handlers/handler.go:127.2,127.46 1 1
avito/internal/handlers/handler.go:127.46,130.3 2 0
avito/internal/handlers/handler.go:132.2,132.42 1 1
avito/internal/handlers/handler.go:132.42,135.3 2 0
avito/internal/handlers/handler.go:137.2,137.16 1 1
avito/internal/handlers/handler.go:137.16,140.3 2 1
avito/internal/handlers/handler.go:141.2,143.30 3 1
avito/internal/handlers/handler.go:146.73,149.16 3 1
avito/internal/handlers/handler.go:149.16,152.3 2 1
avito/internal/handlers/handler.go:153.2,154.46 2 1
avito/internal/handlers/handler.go:154.46,157.3 2 1
avito/internal/handlers/handler.go:158.2,158.16 1 1
avito/internal/handlers/handler.go:158.16,161.3 2 1
avito/internal/handlers/handler.go:162.2,162.37 1 1
